<html>
<body>
<pre>
<h1>µVision Build Log</h1>
<h2>Tool Versions:</h2>
IDE-Version: £gVision V5.42.0.0
Copyright (C) 2025 ARM Ltd and ARM Germany GmbH. All rights reserved.
License Information: 0 HuanYu, 0, LIC=----
 
Tool Versions:
Toolchain:       MDK-Lite  Version: 5.42.0.0
Toolchain Path:  C:\Program_HY\Keil_v5\Keil_v5\ARM\ARM_Compiler_5.06u7\Bin
C Compiler:      Armcc.exe V5.06 update 7 (build 960)
Assembler:       Armasm.exe V5.06 update 7 (build 960)
Linker/Locator:  ArmLink.exe V5.06 update 7 (build 960)
Library Manager: ArmAr.exe V5.06 update 7 (build 960)
Hex Converter:   FromElf.exe V5.06 update 7 (build 960)
CPU DLL:         SARMCM3.DLL V5.42.0.0
Dialog DLL:      DCM.DLL V1.17.5.0
Target DLL:      STLink\ST-LINKIII-KEIL_SWO.dll V3.3.0.0
Dialog DLL:      TCM.DLL V1.56.6.0
 
<h2>Project:</h2>
C:\Users\HuanYu\Desktop\Codes\STM32G431RB\Motor\MDK-ARM\Motor1.0.uvprojx
Project File Date:  03/27/2025

<h2>Output:</h2>
*** Using Compiler 'V5.06 update 7 (build 960)', folder: 'C:\Program_HY\Keil_v5\Keil_v5\ARM\ARM_Compiler_5.06u7\Bin'
Rebuild target 'Motor1.0'
assembling startup_stm32g431xx.s...
compiling main.c...
compiling stm32g4xx_it.c...
compiling tim.c...
compiling stm32g4xx_hal_rcc_ex.c...
compiling usart.c...
compiling stm32g4xx_hal_flash_ramfunc.c...
compiling stm32g4xx_nucleo.c...
compiling stm32g4xx_hal_msp.c...
compiling stm32g4xx_hal_flash.c...
compiling dma.c...
compiling gpio.c...
compiling stm32g4xx_hal.c...
compiling stm32g4xx_hal_flash_ex.c...
compiling stm32g4xx_hal_rcc.c...
compiling HYCodes.c...
..\Core\Src\HYCodes.c(219): warning:  #940-D: missing return statement at end of non-void function "UARTBufferInit" 
  }
..\Core\Src\HYCodes.c(223): warning:  #177-D: variable "j"  was declared but never referenced
      int i, j;
..\Core\Src\HYCodes.c(224): warning:  #550-D: variable "visited"  was set but never used
      bool visited[LOCATION_NUMBERS] = {false};
..\Core\Src\HYCodes.c(225): warning:  #550-D: variable "dist"  was set but never used
      uint32_t dist[LOCATION_NUMBERS];
..\Core\Src\HYCodes.c(226): warning:  #177-D: variable "prev"  was declared but never referenced
      uint32_t prev[LOCATION_NUMBERS] = {0};
..\Core\Src\HYCodes.c: 5 warnings, 0 errors
compiling stm32g4xx_hal_gpio.c...
compiling stm32g4xx_hal_exti.c...
compiling stm32g4xx_hal_dma_ex.c...
compiling stm32g4xx_hal_dma.c...
compiling stm32g4xx_hal_pwr.c...
compiling stm32g4xx_hal_cortex.c...
compiling stm32g4xx_hal_usart.c...
compiling stm32g4xx_hal_usart_ex.c...
compiling system_stm32g4xx.c...
compiling stm32g4xx_hal_pwr_ex.c...
compiling stm32g4xx_hal_uart_ex.c...
compiling stm32g4xx_hal_tim_ex.c...
compiling stm32g4xx_hal_uart.c...
compiling stm32g4xx_hal_tim.c...
linking...
Program Size: Code=14160 RO-data=920 RW-data=268 ZI-data=3548  
FromELF: creating hex file...
"Motor1.0\Motor1.0" - 0 Error(s), 5 Warning(s).

<h2>Software Packages used:</h2>

Package Vendor: ARM
                https://www.keil.com/pack/ARM.CMSIS.6.1.0.pack
                ARM::CMSIS@6.1.0
                CMSIS (Common Microcontroller Software Interface Standard)
   * Component: CORE Version: 6.1.0

Package Vendor: Keil
                https://www.keil.com/pack/Keil.STM32G4xx_DFP.2.0.0.pack
                Keil::STM32G4xx_DFP@2.0.0
                STMicroelectronics STM32G4 Series Device Support

<h2>Collection of Component include folders:</h2>
  ./RTE/_Motor1.0
  C:/Program_HY/Keil_v5/ARM/ARM/CMSIS/6.1.0/CMSIS/Core/Include

<h2>Collection of Component Files used:</h2>

   * Component: ARM::CMSIS:CORE@6.1.0
      Include file:  CMSIS/Core/Include/tz_context.h
Build Time Elapsed:  00:00:03
</pre>
</body>
</html>
